---
source: src/components/home.rs
expression: terminal.backend()
---
"  Explorer     Filter     Time Management                                       "
"                                                                                "
"                                                                                "
"                                                                                "
"                                                                                "
"                                                                                "
"                                                                                "
"                                                                                "
"                                                                                "
"                                                                                "
"                                                                                "
"                                                                                "
"                                                                                "
"                                                                                "
"                                                                                "
"                                                                                "
"                                                                                "
"                                                                                "
"                                                                                "
"                 Change tab: Shift+<hl|◄►> | Quit: q | Help: ?                  "
