---
source: src/widgets/task_list.rs
expression: terminal.backend()
---
"Test────────────────────────────────────"
" 1──────────────────────────────────────"
"  ┌✅ task 1───────────────────────────┐" Hidden by multi-width symbols: [(4, " ")]
"  │📅 2016-07-08 09:10:11 ❗5          │" Hidden by multi-width symbols: [(4, " "), (27, " ")]
"  │#tag #tag2                          │"
"  │┌❌ subtask test with desc─────────┐│" Hidden by multi-width symbols: [(5, " ")]
"  ││test                              ││"
"  ││desc                              ││"
"  │└──────────────────────────────────┘│"
"  │┌❌ subtask test with tags─────────┐│" Hidden by multi-width symbols: [(5, " ")]
"  ││#tag #tag2                        ││"
"  │└──────────────────────────────────┘│"
"  │┌──────────────────────────────────┐│"
"  ││❌ subtask test                   ││" Hidden by multi-width symbols: [(5, " ")]
"  │└──────────────────────────────────┘│"
"  └────────────────────────────────────┘"
"  1.1───────────────────────────────────"
"   1.1.1────────────────────────────────"
"    ┌❌ test 1.1.1─────────────────────┐" Hidden by multi-width symbols: [(6, " ")]
"    │test                              │"
"    │desc                              │"
"    │🥃                                │" Hidden by multi-width symbols: [(6, " ")]
"    └──────────────────────────────────┘"
" 2──────────────────────────────────────"
"  2.1───────────────────────────────────"
"  2.2───────────────────────────────────"
"   ┌❌ test 2.2────────────────────────┐" Hidden by multi-width symbols: [(5, " ")]
"   │test                               │"
"   │desc                               │"
"   │┌❌ subtask 2.2───────────────────┐│" Hidden by multi-width symbols: [(6, " ")]
"   ││📅 2016-07-08 09:10:11           ││" Hidden by multi-width symbols: [(6, " ")]
"   ││#tag #tag2                       ││"
"   ││test                             ││"
"   ││desc                             ││"
"   │└─────────────────────────────────┘│"
"   └───────────────────────────────────┘"
"                                        "
"                                        "
"                                        "
"                                        "
