---
source: src/widgets/task_list_item.rs
expression: terminal.backend()
---
"┌✅ task with a very long title that ──┐" Hidden by multi-width symbols: [(2, " ")]
"│should wrap to the next line          │"
"│📅 2016/07/08 09:10:11 ❗5            │" Hidden by multi-width symbols: [(2, " "), (25, " ")]
"│#tag #tag2                            │"
"│┌❌ subtask with another long title ─┐│" Hidden by multi-width symbols: [(3, " ")]
"││that should wrap around             ││"
"││test                                ││"
"││desc                                ││"
"│└────────────────────────────────────┘│"
"│┌❌ subtask test─────────────────────┐│" Hidden by multi-width symbols: [(3, " ")]
"││#tag #tag2                          ││"
"│└────────────────────────────────────┘│"
"│┌❌ subtask test with a long title ──┐│" Hidden by multi-width symbols: [(3, " ")]
"││123456789 1 2 3                     ││"
"││📅 2016/07/08 09:10:11 ❗5          ││" Hidden by multi-width symbols: [(3, " "), (26, " ")]
"││test                                ││"
"││desc                                ││"
"│└────────────────────────────────────┘│"
"│                                      │"
"│                                      │"
"│                                      │"
"│                                      │"
"│                                      │"
"│                                      │"
"│                                      │"
"│                                      │"
"│                                      │"
"│                                      │"
"│                                      │"
"│                                      │"
"│                                      │"
"│                                      │"
"│                                      │"
"│                                      │"
"│                                      │"
"│                                      │"
"│                                      │"
"│                                      │"
"│                                      │"
"└──────────────────────────────────────┘"
